Date range: 2026-03-30 → 2026-05-27 (59 days)
Already cached: 15
To fetch: 44
Estimated time: ~17 minutes (3 requests/date, ~8 QPM safe rate)

[1/44] Fetching 2026-03-31...
  FB: 164 campaigns    GG: 19 campaigns    TT: 66 campaigns  
  → Saved 249 campaigns total. (3 API calls so far)
[2/44] Fetching 2026-04-01...
  FB: 176 campaigns    GG: 19 campaigns    TT: 66 campaigns  
  → Saved 261 campaigns total. (6 API calls so far)
[3/44] Fetching 2026-04-02...
  FB: 180 campaigns    GG: 20 campaigns    TT: 60 campaigns  
  → Saved 260 campaigns total. (9 API calls so far)
[4/44] Fetching 2026-04-03...
  FB: 185 campaigns    GG: 22 campaigns    TT: 72 campaigns  
  → Saved 279 campaigns total. (12 API calls so far)
[5/44] Fetching 2026-04-04...
  FB: 189 campaigns    GG: 22 campaigns    TT: 66 campaigns  
  → Saved 277 campaigns total. (15 API calls so far)
[6/44] Fetching 2026-04-05...
  FB: 193 campaigns    GG: 22 campaigns    TT: 69 campaigns  
  → Saved 284 campaigns total. (18 API calls so far)
[7/44] Fetching 2026-04-06...
  FB: 182 campaigns    GG: 21 campaigns    TT: 67 campaigns  
  → Saved 270 campaigns total. (21 API calls so far)
[8/44] Fetching 2026-04-07...
  FB: 168 campaigns    GG: 22 campaigns    TT: 64 campaigns  
  → Saved 254 campaigns total. (24 API calls so far)
[9/44] Fetching 2026-04-08...
  FB: 179 campaigns    GG: 23 campaigns    TT: 70 campaigns  
  → Saved 272 campaigns total. (27 API calls so far)
[10/44] Fetching 2026-04-09...
  FB: 175 campaigns    GG: 27 campaigns    TT: 67 campaigns  
  → Saved 269 campaigns total. (30 API calls so far)
[11/44] Fetching 2026-04-10...
  FB: 182 campaigns    GG: 29 campaigns    TT: 83 campaigns  
  → Saved 294 campaigns total. (33 API calls so far)
[12/44] Fetching 2026-04-11...
  FB: 190 campaigns    GG: 31 campaigns    TT: 91 campaigns  
  → Saved 312 campaigns total. (36 API calls so far)
[13/44] Fetching 2026-04-12...
  FB: 188 campaigns    GG: 36 campaigns    TT: 82 campaigns  
  → Saved 306 campaigns total. (39 API calls so far)
[14/44] Fetching 2026-04-13...
  FB: 187 campaigns    GG: 35 campaigns    TT: 79 campaigns  
  → Saved 301 campaigns total. (42 API calls so far)
[15/44] Fetching 2026-04-14...
  FB: 182 campaigns    GG: 36 campaigns    Rate limited on tiktok page 1 (code 400001), waiting 90s...
  TT: 91 campaigns  
  → Saved 309 campaigns total. (45 API calls so far)
[16/44] Fetching 2026-04-15...
  FB: 188 campaigns    GG: 38 campaigns    TT: 87 campaigns  
  → Saved 313 campaigns total. (48 API calls so far)
[17/44] Fetching 2026-04-16...
  FB: 189 campaigns    GG: 39 campaigns    TT: 86 campaigns  
  → Saved 314 campaigns total. (51 API calls so far)
[18/44] Fetching 2026-04-17...
  FB: 201 campaigns    GG: 43 campaigns    TT: 82 campaigns  
  → Saved 326 campaigns total. (54 API calls so far)
[19/44] Fetching 2026-04-18...
  FB: 196 campaigns    GG: 39 campaigns    TT: 89 campaigns  
  → Saved 324 campaigns total. (57 API calls so far)
[20/44] Fetching 2026-04-19...
  FB: 198 campaigns    Rate limited on google page 1 (code 400001), waiting 90s...
  GG: 38 campaigns    TT: 79 campaigns  
  → Saved 315 campaigns total. (60 API calls so far)
[21/44] Fetching 2026-04-20...
  FB: 191 campaigns    GG: 36 campaigns    TT: 74 campaigns  
  → Saved 301 campaigns total. (63 API calls so far)
[22/44] Fetching 2026-04-21...
  FB: 199 campaigns    GG: 33 campaigns    TT: 77 campaigns  
  → Saved 309 campaigns total. (66 API calls so far)
[23/44] Fetching 2026-04-22...
  FB: 184 campaigns    GG: 36 campaigns    TT: 77 campaigns  
  → Saved 297 campaigns total. (69 API calls so far)
[24/44] Fetching 2026-04-23...
  FB: 176 campaigns    GG: 33 campaigns    TT: 70 campaigns  
  → Saved 279 campaigns total. (72 API calls so far)
[25/44] Fetching 2026-04-24...
  FB: 186 campaigns    GG: 34 campaigns    TT: 81 campaigns  
  → Saved 301 campaigns total. (75 API calls so far)
[26/44] Fetching 2026-04-25...
  FB: 190 campaigns    GG: 23 campaigns    TT: 77 campaigns  
  → Saved 290 campaigns total. (78 API calls so far)
[27/44] Fetching 2026-04-26...
  FB: 185 campaigns    GG: 22 campaigns    TT: 74 campaigns  
  → Saved 281 campaigns total. (81 API calls so far)
[28/44] Fetching 2026-04-27...
  FB: 187 campaigns    GG: 22 campaigns    TT: 76 campaigns  
  → Saved 285 campaigns total. (84 API calls so far)
[29/44] Fetching 2026-04-28...
  FB: 184 campaigns    GG: 21 campaigns    TT: 74 campaigns  
  → Saved 279 campaigns total. (87 API calls so far)
[30/44] Fetching 2026-04-29...
  FB: 185 campaigns    GG: 20 campaigns    TT: 71 campaigns  
  → Saved 276 campaigns total. (90 API calls so far)
[31/44] Fetching 2026-05-02...
  FB: 184 campaigns    GG: 22 campaigns    TT: 69 campaigns  
  → Saved 275 campaigns total. (93 API calls so far)
[32/44] Fetching 2026-05-03...
  FB: 186 campaigns    GG: 22 campaigns    TT: 71 campaigns  
  → Saved 279 campaigns total. (96 API calls so far)
[33/44] Fetching 2026-05-04...
  FB: 172 campaigns    GG: 22 campaigns    TT: 66 campaigns  
  → Saved 260 campaigns total. (99 API calls so far)
[34/44] Fetching 2026-05-05...
  FB: 174 campaigns    GG: 22 campaigns    TT: 67 campaigns  
  → Saved 263 campaigns total. (102 API calls so far)
[35/44] Fetching 2026-05-06...
  FB: 174 campaigns    GG: 22 campaigns    TT: 61 campaigns  
  → Saved 257 campaigns total. (105 API calls so far)
[36/44] Fetching 2026-05-07...
  FB: 175 campaigns    GG: 21 campaigns    TT: 65 campaigns  
  → Saved 261 campaigns total. (108 API calls so far)
[37/44] Fetching 2026-05-08...
  FB: 173 campaigns    GG: 20 campaigns    TT: 73 campaigns  
  → Saved 266 campaigns total. (111 API calls so far)
[38/44] Fetching 2026-05-09...
  FB: 16 campaigns    GG: 1 campaigns    Rate limited on tiktok page 1 (code 400001), waiting 90s...
  TT: 11 campaigns  
  → Saved 28 campaigns total. (114 API calls so far)
[39/44] Fetching 2026-05-10...
  FB: 114 campaigns    GG: 4 campaigns    TT: 57 campaigns  
  → Saved 175 campaigns total. (117 API calls so far)
[40/44] Fetching 2026-05-11...
  FB: 112 campaigns    GG: 6 campaigns    TT: 56 campaigns  
  → Saved 174 campaigns total. (120 API calls so far)
[41/44] Fetching 2026-05-12...
  Rate limited on facebook page 1 (code 400001), waiting 90s...
  FB: 128 campaigns    GG: 6 campaigns    TT: 62 campaigns  
  → Saved 196 campaigns total. (123 API calls so far)
[42/44] Fetching 2026-05-13...
  FB: 117 campaigns    GG: 8 campaigns    TT: 58 campaigns  
  → Saved 183 campaigns total. (126 API calls so far)
[43/44] Fetching 2026-05-14...
  FB: 122 campaigns    Rate limited on google page 1 (code 400001), waiting 90s...
  GG: 8 campaigns    TT: 64 campaigns  
  → Saved 194 campaigns total. (129 API calls so far)
[44/44] Fetching 2026-05-16...
  FB: 124 campaigns    GG: 10 campaigns    TT: 55 campaigns  
  → Saved 189 campaigns total. (132 API calls so far)

Done! 132 total API calls for 44 dates.
paigns    TT: 55 campaigns  
  → Saved 189 campaigns total. (21 API calls so far)

Done! 21 total API calls for 7 dates.
