Date range: 2026-05-28 → 2026-07-06 (40 days)
Already cached: 16
To fetch: 24
Estimated time: ~9 minutes (3 requests/date, ~8 QPM safe rate)

[1/24] Fetching 2026-06-01...
  FB: 138 campaigns    GG: 7 campaigns    TT: 46 campaigns  
  → Saved 191 campaigns total. (3 API calls so far)
[2/24] Fetching 2026-06-02...
  FB: 131 campaigns    GG: 9 campaigns    TT: 49 campaigns  
  → Saved 189 campaigns total. (6 API calls so far)
[3/24] Fetching 2026-06-04...
  FB: 145 campaigns    GG: 13 campaigns    TT: 61 campaigns  
  → Saved 219 campaigns total. (9 API calls so far)
[4/24] Fetching 2026-06-05...
  FB: 143 campaigns    GG: 14 campaigns    TT: 60 campaigns  
  → Saved 217 campaigns total. (12 API calls so far)
[5/24] Fetching 2026-06-06...
  FB: 133 campaigns    GG: 13 campaigns    TT: 62 campaigns  
  → Saved 208 campaigns total. (15 API calls so far)
[6/24] Fetching 2026-06-08...
  Rate limited on facebook page 1 (code 400001), waiting 90s...
  FB: 123 campaigns    GG: 13 campaigns    TT: 61 campaigns  
  → Saved 197 campaigns total. (18 API calls so far)
[7/24] Fetching 2026-06-09...
  FB: 134 campaigns    GG: 14 campaigns    TT: 73 campaigns  
  → Saved 221 campaigns total. (21 API calls so far)
[8/24] Fetching 2026-06-12...
  FB: 137 campaigns    GG: 13 campaigns    TT: 86 campaigns  
  → Saved 236 campaigns total. (24 API calls so far)
[9/24] Fetching 2026-06-13...
  FB: 145 campaigns    GG: 15 campaigns    TT: 83 campaigns  
  → Saved 243 campaigns total. (27 API calls so far)
[10/24] Fetching 2026-06-14...
  FB: 144 campaigns    GG: 15 campaigns    Rate limited on tiktok page 1 (code 400001), waiting 90s...
  TT: 79 campaigns  
  → Saved 238 campaigns total. (30 API calls so far)
[11/24] Fetching 2026-06-15...
  FB: 134 campaigns    GG: 15 campaigns    TT: 76 campaigns  
  → Saved 225 campaigns total. (33 API calls so far)
[12/24] Fetching 2026-06-16...
  FB: 139 campaigns    GG: 14 campaigns    TT: 67 campaigns  
  → Saved 220 campaigns total. (36 API calls so far)
[13/24] Fetching 2026-06-17...
  FB: 138 campaigns    Rate limited on google page 1 (code 400001), waiting 90s...
  GG: 17 campaigns    TT: 78 campaigns  
  → Saved 233 campaigns total. (39 API calls so far)
[14/24] Fetching 2026-06-18...
  FB: 142 campaigns    GG: 16 campaigns    TT: 75 campaigns  
  → Saved 233 campaigns total. (42 API calls so far)
[15/24] Fetching 2026-06-19...
  FB: 145 campaigns    GG: 17 campaigns    TT: 62 campaigns  
  → Saved 224 campaigns total. (45 API calls so far)
[16/24] Fetching 2026-06-20...
  FB: 145 campaigns    GG: 17 campaigns    TT: 64 campaigns  
  → Saved 226 campaigns total. (48 API calls so far)
[17/24] Fetching 2026-06-21...
  FB: 141 campaigns    GG: 17 campaigns    TT: 60 campaigns  
  → Saved 218 campaigns total. (51 API calls so far)
[18/24] Fetching 2026-06-22...
  FB: 131 campaigns    GG: 17 campaigns    TT: 61 campaigns  
  → Saved 209 campaigns total. (54 API calls so far)
[19/24] Fetching 2026-06-23...
  FB: 141 campaigns    GG: 17 campaigns    TT: 61 campaigns  
  → Saved 219 campaigns total. (57 API calls so far)
[20/24] Fetching 2026-06-24...
  FB: 146 campaigns    GG: 19 campaigns    TT: 57 campaigns  
  → Saved 222 campaigns total. (60 API calls so far)
[21/24] Fetching 2026-06-25...
  FB: 151 campaigns    GG: 23 campaigns    TT: 64 campaigns  
  → Saved 238 campaigns total. (63 API calls so far)
[22/24] Fetching 2026-06-26...
  FB: 160 campaigns    GG: 21 campaigns    TT: 66 campaigns  
  → Saved 247 campaigns total. (66 API calls so far)
[23/24] Fetching 2026-06-28...
  FB: 159 campaigns    GG: 15 campaigns    TT: 61 campaigns  
  → Saved 235 campaigns total. (69 API calls so far)
[24/24] Fetching 2026-06-29...
  FB: 156 campaigns    GG: 15 campaigns    TT: 63 campaigns  
  → Saved 234 campaigns total. (72 API calls so far)

Done! 72 total API calls for 24 dates.
